{"source": "test", "type": "pin", "result": "granted", "user": "Daniel", "groups": ["chef"], "time": "2025-12-30T12:03:30.300138+00:00"}
{"source": "test", "type": "pin", "result": "granted", "user": "Daniel", "groups": ["chef"], "time": "2025-12-30T12:06:09.915138+00:00"}
{"source": "test", "type": "pin", "result": "granted", "user": "Marcel", "groups": ["lieferant"], "time": "2025-12-31T04:09:52.206313+00:00"}
{"source": "halle_1", "type": "pin", "result": "granted", "user": "Daniel", "groups": ["chef"], "time": "2026-01-02T12:31:00.086839+00:00"}
{"source": "halle_1", "type": "pin", "result": "granted", "user": "Daniel", "groups": ["chef"], "time": "2026-01-02T12:31:00.087029+00:00"}
{"source": "halle_1", "type": "pin", "result": "granted", "user": "Daniel", "groups": ["chef"], "time": "2026-01-02T12:31:44.351496+00:00"}
{"source": "halle_1", "type": "pin", "result": "granted", "user": "Daniel", "groups": ["chef"], "time": "2026-01-02T12:31:44.351704+00:00"}
{"source": "halle_1", "type": "pin", "result": "granted", "user": "Marcel", "groups": ["lieferant"], "time": "2026-01-02T12:31:58.619960+00:00"}
{"source": "halle_1", "type": "pin", "result": "granted", "user": "Marcel", "groups": ["lieferant"], "time": "2026-01-02T12:31:58.620181+00:00"}
{"source": "halle_1", "type": "pin", "result": "granted", "user": "Daniel", "groups": ["chef"], "time": "2026-01-02T12:32:08.670145+00:00"}
{"source": "halle_1", "type": "pin", "result": "granted", "user": "Daniel", "groups": ["chef"], "time": "2026-01-02T12:32:08.670369+00:00"}
{"source": "halle_1", "type": "pin", "result": "granted", "user": "Renate", "groups": ["chef"], "time": "2026-01-02T12:34:28.462335+00:00"}
{"source": "halle_1", "type": "pin", "result": "granted", "user": "Renate", "groups": ["chef"], "time": "2026-01-02T12:34:28.462661+00:00"}
{"source": "halle_1", "type": "rfid", "result": "granted", "user": "Daniel", "groups": ["chef"], "time": "2026-01-02T12:35:35.493069+00:00"}
{"source": "halle_1", "type": "rfid", "result": "granted", "user": "Daniel", "groups": ["chef"], "time": "2026-01-02T12:35:35.493378+00:00"}
{"source": "halle_1", "type": "pin", "result": "denied", "user": "-", "groups": [], "time": "2026-01-02T12:37:13.158639+00:00"}
{"source": "halle_1", "type": "pin", "result": "denied", "user": "-", "groups": [], "time": "2026-01-02T12:37:13.158925+00:00"}
{"source": "halle_1", "type": "pin", "result": "granted", "user": "Daniel", "groups": ["chef"], "time": "2026-01-05T04:54:34.845998+00:00"}
{"source": "halle_1", "type": "pin", "result": "granted", "user": "Daniel", "groups": ["chef"], "time": "2026-01-05T04:54:34.846205+00:00"}
{"source": "halle_1", "type": "pin", "result": "denied", "user": "-", "groups": [], "time": "2026-01-05T04:56:48.331196+00:00"}
{"source": "halle_1", "type": "pin", "result": "denied", "user": "-", "groups": [], "time": "2026-01-05T04:56:48.331505+00:00"}
{"source": "halle_1", "type": "pin", "result": "granted", "user": "Daniel", "groups": ["chef"], "time": "2026-01-05T05:23:17.046899+00:00"}
{"source": "halle_1", "type": "pin", "result": "granted", "user": "Daniel", "groups": ["chef"], "time": "2026-01-05T05:23:17.047101+00:00"}
{"source": "halle_1", "type": "pin", "result": "granted", "user": "Manfred", "groups": ["chef"], "time": "2026-01-05T05:23:34.783252+00:00"}
{"source": "halle_1", "type": "pin", "result": "granted", "user": "Manfred", "groups": ["chef"], "time": "2026-01-05T05:23:34.783463+00:00"}
{"source": "halle_1", "type": "pin", "result": "denied", "user": "-", "groups": [], "time": "2026-01-05T05:24:14.980627+00:00"}
{"source": "halle_1", "type": "pin", "result": "denied", "user": "-", "groups": [], "time": "2026-01-05T05:24:14.980942+00:00"}
{"source": "halle_1", "type": "pin", "result": "granted", "user": "Daniel", "groups": ["chef"], "time": "2026-01-05T07:56:15.212058+00:00"}
{"source": "halle_1", "type": "pin", "result": "granted", "user": "Daniel", "groups": ["chef"], "time": "2026-01-05T07:56:15.212398+00:00"}
{"source": "halle_oben", "type": "pin", "result": "granted", "user": "Daniel", "groups": ["chef"], "time": "2026-01-05T10:29:08.156144+00:00"}
{"source": "halle_oben", "type": "pin", "result": "granted", "user": "Daniel", "groups": ["chef"], "time": "2026-01-05T10:29:08.156463+00:00"}
{"source": "halle_oben", "type": "pin", "result": "granted", "user": "Daniel", "groups": ["chef"], "time": "2026-01-05T10:29:31.919241+00:00"}
{"source": "halle_oben", "type": "pin", "result": "granted", "user": "Daniel", "groups": ["chef"], "time": "2026-01-05T10:29:31.919503+00:00"}
{"source": "halle_oben", "type": "pin", "result": "granted", "user": "Manfred", "groups": ["chef"], "time": "2026-01-05T10:29:44.078880+00:00"}
{"source": "halle_oben", "type": "pin", "result": "granted", "user": "Manfred", "groups": ["chef"], "time": "2026-01-05T10:29:44.079164+00:00"}
{"source": "halle_oben", "type": "pin", "result": "denied", "user": "-", "groups": [], "time": "2026-01-05T10:33:51.896489+00:00"}
{"source": "halle_oben", "type": "pin", "result": "denied", "user": "-", "groups": [], "time": "2026-01-05T10:33:51.896764+00:00"}
{"source": "halle_oben", "type": "pin", "result": "granted", "user": "Daniel", "groups": ["chef"], "time": "2026-01-05T10:33:54.280466+00:00"}
{"source": "halle_oben", "type": "pin", "result": "granted", "user": "Daniel", "groups": ["chef"], "time": "2026-01-05T10:33:54.280750+00:00"}
{"source": "halle_oben", "type": "rfid", "result": "granted", "user": "Daniel", "groups": ["chef"], "time": "2026-01-07T06:40:06.458416+00:00"}
{"source": "halle_oben", "type": "rfid", "result": "granted", "user": "Daniel", "groups": ["chef"], "time": "2026-01-07T06:40:06.458732+00:00"}
{"source": "halle_oben", "type": "rfid", "result": "granted", "user": "Daniel", "groups": ["chef"], "time": "2026-01-07T06:40:11.840002+00:00"}
{"source": "halle_oben", "type": "rfid", "result": "granted", "user": "Daniel", "groups": ["chef"], "time": "2026-01-07T06:40:11.840310+00:00"}
{"source": "halle_oben", "type": "pin", "result": "granted", "user": "Daniel", "groups": ["chef"], "time": "2026-01-07T10:56:19.975466+00:00"}
{"source": "halle_oben", "type": "pin", "result": "granted", "user": "Daniel", "groups": ["chef"], "time": "2026-01-07T10:56:19.975706+00:00"}
{"source": "halle_oben", "type": "pin", "result": "granted", "user": "Daniel", "groups": ["chef"], "time": "2026-01-07T10:56:31.158185+00:00"}
{"source": "halle_oben", "type": "pin", "result": "granted", "user": "Daniel", "groups": ["chef"], "time": "2026-01-07T10:56:31.158420+00:00"}
{"source": "halle_oben", "type": "pin", "result": "granted", "user": "Daniel", "groups": ["chef"], "time": "2026-01-07T10:56:53.695322+00:00"}
{"source": "halle_oben", "type": "pin", "result": "granted", "user": "Daniel", "groups": ["chef"], "time": "2026-01-07T10:56:53.695548+00:00"}
{"source": "halle_oben", "type": "pin", "result": "granted", "user": "Daniel", "groups": ["chef"], "time": "2026-01-08T10:45:24.260039+00:00"}
{"source": "halle_oben", "type": "pin", "result": "granted", "user": "Daniel", "groups": ["chef"], "time": "2026-01-08T10:45:24.260302+00:00"}
{"source": "halle_oben", "type": "rfid", "result": "granted", "user": "Daniel", "groups": ["chef"], "time": "2026-01-08T10:46:34.556042+00:00"}
{"source": "halle_oben", "type": "rfid", "result": "granted", "user": "Daniel", "groups": ["chef"], "time": "2026-01-08T10:46:34.556297+00:00"}
{"source": "halle_oben", "type": "pin", "result": "granted", "user": "Mitarbeiter", "groups": ["mitarbeiter"], "time": "2026-01-08T10:47:33.462738+00:00"}
{"source": "halle_oben", "type": "pin", "result": "granted", "user": "Mitarbeiter", "groups": ["mitarbeiter"], "time": "2026-01-08T10:47:33.462989+00:00"}
{"source": "halle_oben", "type": "pin", "result": "granted", "user": "Mitarbeiter", "groups": ["mitarbeiter"], "time": "2026-01-08T10:47:43.389587+00:00"}
{"source": "halle_oben", "type": "pin", "result": "granted", "user": "Mitarbeiter", "groups": ["mitarbeiter"], "time": "2026-01-08T10:47:43.389845+00:00"}
{"source": "halle_oben", "type": "pin", "result": "granted", "user": "Mitarbeiter", "groups": ["mitarbeiter"], "time": "2026-01-08T10:53:19.574551+00:00"}
{"source": "halle_oben", "type": "pin", "result": "granted", "user": "Mitarbeiter", "groups": ["mitarbeiter"], "time": "2026-01-08T10:53:19.574820+00:00"}
{"source": "halle_oben", "type": "pin", "result": "granted", "user": "Mitarbeiter", "groups": ["mitarbeiter"], "time": "2026-01-08T10:58:36.246803+00:00"}
{"source": "halle_oben", "type": "pin", "result": "granted", "user": "Mitarbeiter", "groups": ["mitarbeiter"], "time": "2026-01-08T10:58:36.247071+00:00"}
{"source": "halle_oben", "type": "rfid", "result": "denied", "user": "-", "groups": [], "time": "2026-01-08T11:00:55.208083+00:00"}
{"source": "halle_oben", "type": "rfid", "result": "denied", "user": "-", "groups": [], "time": "2026-01-08T11:00:55.208465+00:00"}
{"source": "halle_oben", "type": "rfid", "result": "denied", "user": "-", "groups": [], "time": "2026-01-08T11:01:22.344898+00:00"}
{"source": "halle_oben", "type": "rfid", "result": "denied", "user": "-", "groups": [], "time": "2026-01-08T11:01:22.345161+00:00"}
{"source": "halle_oben", "type": "rfid", "result": "granted", "user": "Andreas", "groups": ["mitarbeiter"], "time": "2026-01-08T11:02:11.445236+00:00"}
{"source": "halle_oben", "type": "rfid", "result": "granted", "user": "Andreas", "groups": ["mitarbeiter"], "time": "2026-01-08T11:02:11.445632+00:00"}
{"source": "halle_oben", "type": "rfid", "result": "granted", "user": "Andreas", "groups": ["mitarbeiter"], "time": "2026-01-08T11:02:43.607197+00:00"}
{"source": "halle_oben", "type": "rfid", "result": "granted", "user": "Andreas", "groups": ["mitarbeiter"], "time": "2026-01-08T11:02:43.607566+00:00"}
{"source": "halle_oben", "type": "rfid", "result": "granted", "user": "Andreas", "groups": ["mitarbeiter"], "time": "2026-01-08T11:03:14.751954+00:00"}
{"source": "halle_oben", "type": "rfid", "result": "granted", "user": "Andreas", "groups": ["mitarbeiter"], "time": "2026-01-08T11:03:14.752367+00:00"}
{"source": "halle_oben", "type": "rfid", "result": "granted", "user": "Manfred", "groups": ["chef"], "time": "2026-01-09T06:53:57.721631+00:00"}
{"source": "halle_oben", "type": "rfid", "result": "granted", "user": "Manfred", "groups": ["chef"], "time": "2026-01-09T06:53:57.722242+00:00"}
{"source": "halle_oben", "type": "rfid", "result": "granted", "user": "Manfred", "groups": ["chef"], "time": "2026-01-09T06:54:00.416154+00:00"}
{"source": "halle_oben", "type": "rfid", "result": "granted", "user": "Manfred", "groups": ["chef"], "time": "2026-01-09T06:54:00.416499+00:00"}
{"source": "halle_oben", "type": "rfid", "result": "granted", "user": "Manfred", "groups": ["chef"], "time": "2026-01-09T06:55:14.160387+00:00"}
{"source": "halle_oben", "type": "rfid", "result": "granted", "user": "Manfred", "groups": ["chef"], "time": "2026-01-09T06:55:14.160739+00:00"}
{"source": "halle_oben", "type": "pin", "result": "granted", "user": "Daniel Mitarbeiter", "groups": ["mitarbeiter"], "time": "2026-01-09T07:19:01.792326+00:00"}
{"source": "halle_oben", "type": "pin", "result": "granted", "user": "Daniel Mitarbeiter", "groups": ["mitarbeiter"], "time": "2026-01-09T07:19:01.792767+00:00"}
{"source": "halle_oben", "type": "pin", "result": "granted", "user": "Daniel Mitarbeiter", "groups": ["mitarbeiter"], "time": "2026-01-09T07:19:35.268386+00:00"}
{"source": "halle_oben", "type": "pin", "result": "granted", "user": "Daniel Mitarbeiter", "groups": ["mitarbeiter"], "time": "2026-01-09T07:19:35.268801+00:00"}
{"source": "halle_oben", "type": "pin", "result": "granted", "user": "Daniel Mitarbeiter", "groups": ["mitarbeiter"], "time": "2026-01-09T07:19:49.436909+00:00"}
{"source": "halle_oben", "type": "pin", "result": "granted", "user": "Daniel Mitarbeiter", "groups": ["mitarbeiter"], "time": "2026-01-09T07:19:49.437305+00:00"}
{"source": "halle_oben", "type": "rfid", "result": "denied", "user": "-", "groups": [], "time": "2026-01-09T10:31:19.981538+00:00"}
{"source": "halle_oben", "type": "rfid", "result": "denied", "user": "-", "groups": [], "time": "2026-01-09T10:31:19.981923+00:00"}
{"source": "halle_oben", "type": "rfid", "result": "granted", "user": "Julia", "groups": ["mitarbeiter"], "time": "2026-01-09T10:32:44.924938+00:00"}
{"source": "halle_oben", "type": "rfid", "result": "granted", "user": "Julia", "groups": ["mitarbeiter"], "time": "2026-01-09T10:32:44.925495+00:00"}
{"source": "halle_oben", "type": "rfid", "result": "granted", "user": "Julia", "groups": ["mitarbeiter"], "time": "2026-01-09T10:32:55.919720+00:00"}
{"source": "halle_oben", "type": "rfid", "result": "granted", "user": "Julia", "groups": ["mitarbeiter"], "time": "2026-01-09T10:32:55.920223+00:00"}
{"source": "halle_oben", "type": "rfid", "result": "granted", "user": "Julia", "groups": ["mitarbeiter"], "time": "2026-01-09T10:33:14.737025+00:00"}
{"source": "halle_oben", "type": "rfid", "result": "granted", "user": "Julia", "groups": ["mitarbeiter"], "time": "2026-01-09T10:33:14.737513+00:00"}
{"source": "halle_oben", "type": "rfid", "result": "granted", "user": "Julia", "groups": ["mitarbeiter"], "time": "2026-01-09T10:33:22.459629+00:00"}
{"source": "halle_oben", "type": "rfid", "result": "granted", "user": "Julia", "groups": ["mitarbeiter"], "time": "2026-01-09T10:33:22.460127+00:00"}
{"source": "halle_oben", "type": "rfid", "result": "granted", "user": "Julia", "groups": ["mitarbeiter"], "time": "2026-01-09T10:33:49.163246+00:00"}
{"source": "halle_oben", "type": "rfid", "result": "granted", "user": "Julia", "groups": ["mitarbeiter"], "time": "2026-01-09T10:33:49.163693+00:00"}
{"source": "halle_oben", "type": "rfid", "result": "granted", "user": "Andreas", "groups": ["mitarbeiter"], "time": "2026-01-09T10:34:22.619037+00:00"}
{"source": "halle_oben", "type": "rfid", "result": "granted", "user": "Andreas", "groups": ["mitarbeiter"], "time": "2026-01-09T10:34:22.619460+00:00"}
{"source": "halle_oben", "type": "rfid", "result": "denied", "user": "-", "groups": [], "time": "2026-01-09T10:35:43.677333+00:00"}
{"source": "halle_oben", "type": "rfid", "result": "denied", "user": "-", "groups": [], "time": "2026-01-09T10:35:43.677740+00:00"}
{"source": "halle_oben", "type": "rfid", "result": "granted", "user": "Champignons", "groups": ["lieferant"], "time": "2026-01-11T17:49:12.416516+00:00"}
{"source": "halle_oben", "type": "rfid", "result": "granted", "user": "Champignons", "groups": ["lieferant"], "time": "2026-01-11T17:49:12.416960+00:00"}
{"source": "halle_oben", "type": "rfid", "result": "granted", "user": "Champignons", "groups": ["lieferant"], "time": "2026-01-11T17:50:48.486702+00:00"}
{"source": "halle_oben", "type": "rfid", "result": "granted", "user": "Champignons", "groups": ["lieferant"], "time": "2026-01-11T17:50:48.487153+00:00"}
{"source": "halle_oben", "type": "rfid", "result": "granted", "user": "Andreas", "groups": ["mitarbeiter"], "time": "2026-01-12T03:35:08.890623+00:00"}
{"source": "halle_oben", "type": "rfid", "result": "granted", "user": "Andreas", "groups": ["mitarbeiter"], "time": "2026-01-12T03:35:08.891091+00:00"}
{"source": "halle_oben", "type": "rfid", "result": "granted", "user": "Julia", "groups": ["mitarbeiter"], "time": "2026-01-12T03:41:24.098988+00:00"}
{"source": "halle_oben", "type": "rfid", "result": "granted", "user": "Julia", "groups": ["mitarbeiter"], "time": "2026-01-12T03:41:24.099458+00:00"}
{"source": "halle_oben", "type": "pin", "result": "granted", "user": "Test", "groups": ["test"], "time": "2026-01-12T08:57:52.177278+00:00"}
{"source": "halle_oben", "type": "pin", "result": "granted", "user": "Test", "groups": ["test"], "time": "2026-01-12T08:57:52.177733+00:00"}
